** Drc report for N12_Mixed_100x100_Panel.kicad_pcb **
** Created on 2026-07-14T13:36:42 **
** Report includes: Errors, Warnings, Exclusions **

** Found 0 DRC violations **

** Found 0 unconnected pads **

** Found 0 Footprint errors **

** Ignored checks **
    - Clearance violation
    - Track has unconnected end
    - Thermal relief connection to zone incomplete
    - Board edge clearance violation
    - Hole clearance violation
    - Track width
    - Courtyards overlap
    - Footprint has no courtyard defined
    - Track endpoint not centered on via
    - Tuning profile track geometries
    - Footprint doesn't match symbol's footprint filters
    - Missing connection between items
    - Silkscreen clearance
    - Silkscreen clipped by solder mask
    - Silkscreen clipped by board edge
    - Text height out of range
    - Text thickness out of range
    - PTH inside courtyard
    - NPTH inside courtyard
    - Footprint component type doesn't match footprint pads
    - Footprint not found in libraries
    - Footprint doesn't match copy in library

** End of Report **
